Run specific tasks

Usage: mk run [OPTIONS] [TASK_NAME] [-- <TRAILING_ARGS>...]

Arguments:
  [TASK_NAME]         The task name to run
  [TRAILING_ARGS]...  Arguments forwarded to the task (available as ${{ args.0 }}, ${{ args.1 }}, etc.)

Options:
      --dry-run          Print the resolved task plan without executing commands
      --force            Bypass task cache and force execution
      --json-events      Emit newline-delimited JSON execution events
  -F, --fzf              Choose task with fuzzy finder before execution
      --label <FILTER>   Run tasks matching label (KEY or KEY=VALUE). Repeatable; all must match.
      --set <KEY=VALUE>  Filter matrix task variants by KEY=VALUE. Repeatable; all must match.
  -h, --help             Print help
  -V, --version          Print version
